,5808,55653,129601,1,0,,,,,,,,,,,*4D
$GPNVS,28,4.13e-12,1.47e-11,7.37e-11,1.10e-11,0.00e+00,*2E
$GPNVS,29,5.90e-12,3.21e-1-11,7.37e-11,1.10e-11,0.00e+00,*2E
$GPNVS,29,5.90e-12,3.21e-1-11,7.37e-11,1.10e-11,0.00e+00,*2E
$GPNVS,29,5.90e-12,3.21e-1-11,7.37e-11,1.10e-11,0.00e+00,*2E
$GPNVS,29,5.90e-12,3.21e-1-11,7.37e-11,1.10e-11,0.00e+00,*2E
$GPNVS,29,5.90e-12,3.21e-1-11,7.37e-11,1.10e-11,0.00e+00,*2E
$GPNVS,29,5.90e-12,3.21e-1-11,7.37e-11,1.10e-11,0.00e+00,*2E
$GPNVS,29,5.90e-12,3.21e-1-11,7.37e-11,1.10e-11,0.00e+00,*2E
$GPNVS,29,5.90e-12,3.21e-1-11,7.37e-11,1.10e-11,0.00e+00,*2E
$GPNVS,29,5.90e-12,3.21e-1-11,7.37e-11,1.10e-11,0.00e+00,*2E
$GPNVS,29,5.90e-12,3.21e-1-11,7.37e-11,1.10e-11,0.00e+00,*2E
$GPNVS,29,5.90e-12,3.21e-1-11,7.37e-11,1.10e-11,0.00e+00,*2E
$GPNVS,29,5.90e-12,3.21e-1-11,7.37e-11,1.10e-11,0.00e+00,*2E
$GPNVS,29,5.90e-12,3.21e-1-11,7.37e-11,1.10e-11,0.00e+00,*2E
$GPNVS,29,5.90e-12,3.21e-1-11,7.37e-11,1.10e-11,0.00e+00,*2E
$GPNVS,29,5.90e-12,3.21e-1-11,7.37e-11,1.10e-11,0.00e+00,*2E
$GPNVS,29,5.90e-12,3.21e-1-11,7.37e-11,1.10e-11,0.00e+00,*2E
$GPNVS,29,5.90e-12,3.21e-1-11,7.37e-11,1.10e-11,0.00e+00,*2E
$GPNVS,29,5.90e-12,3.21e-1-11,7.37e-11,1.10e-11,0.00e+00,*2E
$GPNVS,29,5.90e-12,3.21e-1-11,7.37e-11,1.10e-11,0.00e+00,*2E
$GPNVS,29,5.90e-12,3.21e-1-11,7.37e-11,1.10e-10.00e+00,*25
$GPNVS,30,10000000.000412,6.1,7.44e-11,0.00e+00,0.00e+00,*25
$GPNVS,30,10000000.000412,6.1,7.44e-11,0.00e+00,0.00e+00,*25
$GPNVS,30,10000000.000412,6.1,7.44e-11,0.00e+00,0.00e+00,*25
$GPNVS,30,10000000.000412,6.1,7.44e-11,0.00e+00,0.00e+00,*25
$GPNVS,30,10000000.000412,6.1,7.44e-11,0.00e+00,0.00e+00,*25
$GPNVS,30,10000000.000412,6.1,7.44e-11,0.00e+00,0.00e+00,*25
$GPNVS,30,10000000.000412,6.1,7.44e-11,0.00e+00,0.00e+00,*25
$GPNVS,30,10000000.000412,6.1,7.44e-11,0.00e+00,0.00e+00,*25
$GPNVS,30,10000000.000412,6.1,7.44e-11,0.00e+00,0.00e+00,*25
$GPNVS,30,10000000.000412,6.1,7.44e-11,0.00e+00,0.00e+00,*25
$GPNVS,30,10000000.000412,6.1,7.44e-11,0.00e+00,0.00e+00,*25
$GPNVS,30,10000000.000412,6.1,7.44e-11,0.00e+00,0.00e+00,*25
$GPNVS,30,10000000.000412,6.1,7.44e-11,0.00e+00,0.00e+00,*25
$GPNVS,30,10000000.000412,6.1,7.44e-11,0.00e+00,0.00e+00,*25
$GPNVS,30,10000000.000412,6.1,7.44e-11,0.00e+00,0.00e+00,*25
$GPNVS,30,10000000.000412,6.1,7.44e-11,0.00e+00,0.00e+00,*25
$GPNVS,30,10000000.000412,6.1,7.44e-11,0.00e+00,0.00e+00,*25
$GPNVS,30,10000000.000412,6.1,7.44e-11,0.00e+00,0.00e+00,*25
$GPNVS,30,10000000.000412,6.1,7.44e-11,0.00e+00,0.00e+00,*25
$GPNVS,30,10000000.000412,6.1,7.44e-11,0.00e+00,0.00e+00,*25
$GPNVS,30,10000000.000412,6.1,7.44e-11,0.00e+00,0.00e+00,*25
$GPNVS,30,10000000.000412,6.1,7.44e-11,0.00e+00,0.00e+00,*25
$GPNVS,30,10000000.000412,6.1,7.44e-11,0.00e+00,0.00e+00,*25
$GPNVS,30,10000000.000412,6.1,7.44e-11,0.00e+00,0.00e+00,*25
$GPNVS,30,10000000.000412,6.1,7.44e-11,0.00e+00,0.00e+00,*25
$GPNVS,30,10000000.000412,6.1,7.44e-11,0.00e+00,0.00e+00,*25
$GPNVS,30,10000000.000412,6.1,7.44e-11,0.00e+00,0.00e+00,*25
$GPNVS,30,10000000.000412,6.1,7.44e-11,0.00e+00,0.00e+00,*25
$GPNVS,30,10000000.000412,6.1,7.44e-11,0.00e+00,0.00e+00,*25
$GPNVS,30,10000000.000412,6.1,7.44e-11,0.00e+00,0.00e+00,*25
$GPNVS,30,10000000.000412,6.1,7.44e-11,0.00e+00,0.00e+00,*25
$GPNVS,30,10000000.000412,6.1,7.44e-11,0.00e+00,0.00e+00,*25
$GPNVS,30,10000000.000412,6.1,7.44e-11,0.00e+00,0.00e+00,*25
$GPNVS,30,10000000.000412,6.1,7.44e-11,0.00e+00,0.00e+00,*25
$GPNVS,30,10000000.000412,6.1,7.44e-11,0.00e+00,0.00e+00,*25
$GPNVS,30,10000000.000412,6.1,7.44e-11,0.00e+00,0.00e+00,*25
$GPNVS,30,10000000.000412,6.1,7.44e-11,0.00e+00,0.00e+00,*25
$GPNVS,30,10000000.000412,6.1,7.44e-11,0.00e+00,0.00e+00,*25
$GPNVS,30,10000000.000412,6.1,7.44e-11,0.00e+00,0.00e+00,*25
$GPNVS,30,10000000.000412,6.1,7.44e-11,0.00e+00,0.00e+00,*25
$GPNVS,30,10000000.000412,6.1,7.44e-11,0.00e+00,0.00e+00,*25
$GPNVS,30,10000000.000412,6.1,7.44e-11,0.00e+00,0.00e+00,*25
$GPNVS,30,10000000.000412,6.1,7.44e-11,0.00e+00,0.00e+00,*25
$GPNVS,30,10000000.000412,6.1,7.44e-11,0.00e+00,0.00e+00,*25
$GPNVS,30,10000000.000412,6.1,7.44e-11,0.00e+00,0.00e+00,*25
$GPNVS,30,10000000.000412,6.1,7.44e-11,0.00e+00,0.00e+00,*25
$GPNVS,30,10000000.000412,6.1,7.44e-11,0.00e+00,0.00e+00,*25
$GPNVS,30,10000000.000412,6.1,7.44e-11,0.00e+00,0.00e+00,*25
$GPNVS,30,10000000.000412,6.1,7.44e-11,0.00e+00,0.00e+00,*25
$GPNVS,30,10000000.000412,6.1,7.44e-11,0.00e+00,0.00e+00,*25
$GPNVS,30,10000000.000412,6.1,7.44e-11,0.00e+00,0.00e+00,*25
$GPNVS,30,10000000.000412,6.1,7.44e-11,0.00e+00,0.00e+00,*25
$GPNVS,30,10000000.000412,6.1,7.44e-11,0.00e+00,0.00e+00,*25
$GPNVS,30,10000000.000412,6.1,7.44e-11,0.00e+00,0.00e+00,*25
$GPNVS,30,10000000.000412,6.1,7.44e-11,0.00e+00,0.00e+00,*25
$GPNVS,30,10000000.000412,6.1,7.44e-11,0.00e+00,0.00e+00,*25
$GPNVS,30,10000000.000412,6.1,7.44e-11,0.00e+00,0.00e+00,*25
$GPNVS,30,10000000.000412,6.1,7.44e-11,0.00e+00,0.00e+00,*25
$GPNVS,30,10000000.000412,6.1,7.44e-11,0.00e+00,0.00e+00,*25
$GPNVS,30,10000000.000412,6.1,7.44e-11,0.00e+00,0.00e+00,*25
$GPNVS,30,10000000.000412,6.1,7.44e-11,0.00e+00,0.00e+00,*25
$GPNVS,30,10000000.000412,6.1,7.44e-11,0.00e+00,0.00e+00,*25
$GPNVS,30,10000000.000412,6.1,7.44e-11,0.00e+00,0.00e+00,*25
$GPNVS,30,10000000.000412,6.1,7.44e-11,0.00e+00,0.00e+00,*25
$GPNVS,30,10000000.000412,6.1,7.44e-11,0.00e+00,0.00e+00,*25
$GPNVS,30,10000000.000412,6.1,7.44e-11,0.00e+00,0.00e+00,*25
$GPNVS,30,10000000.000412,6.889e-11,3.395e-03,-3.220e-03,*3C
$GPNVS,32,35,2000000001,20000000001,199999999999,*63
$GPNVS,33,35,+0.00,+0.000,-0.0000,*59
$GPNVS,70,0,NA,0,0,0,0,0,,0,-1*54
$GNRMC,201812.00,A,3904.86798,N,09419.66999,W,0.000,,091026,,,A,V*08
$GNVTG,,T,,M,0.000,N,0.000,K,A*3D
$GNGGA,201812.00,3904.86798,N,09419.66999,W,1,12,99.99,227.6,M,-29.1,M,,*47
$GNGSA,A,3,27,31,03,08,07,26,09,16,04,,,,99.99,99.99,99.99,1*34
$GNGSA,A,3,72,70,71,80,73,69,74,,,,,,99.99,99.99,99.99,2*36
$GNGSA,A,3,08,02,07,25,03,30,32,,,,,,99.99,99.99,99.99,3*38
$GNGSA,A,3,36,21,42,14,39,26,22,,,,,,99.99,99.99,99.99,4*3F
$GNGSA,A,3,,,,,,,,,,,,,99.99,99.99,99.99,5*35
$GPGSV,3,1,10,03,36,214,45,04,70,321,44,07,15,272,36,08,05,173,41,1*68
$GPGSV,3,2,10,09,34,313,44,16,76,102,42,26,44,051,44,27,23,141,42,1*6E
$GPGSV,3,3,10,28,03,080,37,31,27,070,44,1*60
$GPGSV,2,1,06,03,36,214,40,04,70,321,39,26,44,051,37,27,23,141,17,6*68
$GPGSV,2,2,06,28,03,080,33,31,27,070,37,6*60
$GPGSV,1,1,01,29,00,027,,0*5A
$GLGSV,3,1,09,69,12,148,45,70,62,150,48,71,50,327,46,72,10,328,35,1*74
$GLGSV,3,2,09,73,61,254,46,74,14,231,39,79,02,042,35,80,52,026,45,1*78
$GLGSV,3,3,09,81,01,050,34,1*4B
$GLGSV,2,1,06,69,12,148,34,70,62,150,43,71,50,327,41,73,61,254,44,3*79
$GLGSV,2,2,06,79,02,042,33,80,52,026,42,3*7B
$GAGSV,2,1,08,02,68,087,47,03,30,116,49,07,38,311,43,08,79,056,45,2*7A
$GAGSV,2,2,08,25,20,043,43,26,05,285,31,30,43,194,44,32,57,107,47,2*79
$GAGSV,2,1,08,02,68,087,42,03,30,116,45,07,38,311,38,08,79,056,41,7*7E
$GAGSV,2,2,08,25,20,043,41,26,05,285,31,30,43,194,44,32,57,107,46,7*7F
$GAGSV,1,1,02,13,00,239,,33,00,331,,0*7D
$GBGSV,2,1,08,14,54,300,45,21,73,251,42,22,36,162,44,26,37,247,42,1*7B
$GBGSV,2,2,08,30,04,067,38,36,28,053,45,39,78,014,40,42,31,315,40,1*78
$GBGSV,1,1,03,14,54,300,18,36,28,053,10,39,78,014,08,B*38
$GBGSV,1,1,02,11,03,092,,29,03,113,,0*76
$GQGSV,1,1,01,06,,,12,1*61
$GNZDA,201812.00,09,10,2026,00,00*7E
$GPNVS,2,201812,100926,0.00,0.00,0.00,0.00,0.00,0.00,0.00,0.00,*6A
$GPNVS,3,201812,100926,0.00,0.00,0.00,0.00,,0.00,0,0,1,+38.70,*4D
$GPNVS,4,201812,100926,0.00,0.00,,,,,,,*6C
$GPNVS,5,201812,100926,5C9,0,0,+38.70,00000,00000,*2B
$GPNVS,6,0,A,1,0x00000,0x03,,0x00,00,,0x00000,,*05
$GPNVS,7,201812,100926,A,68,0x00,3,-3,0,555803,+4.28,-4.11*77
$GPNVS,9,+10000000.002,+2.65027,+10000000.05,15,+0.020,+0.39,,+38.70,50.0,49.0,*6E
$GPNVS,10,1,0,0,-15,-10,2,100,0.5,1,3,30,1,+0,1.0,20,+2,1,2,8000,,,,*55
$GPNVS,17,0,+0.00,0,+0.00,+0.00,+0.00,+0.00,+0.00,+0.00,+0.000,+0.00,,0*6F
$GPNVS,22,A,0,-2.1500,-0.977,-0.842,-0.083,555803.1612,+0.407,0x0000,*51
$GPNVS,23,0,-0.004,+0.0000,-0.066,*5C
$GPNVS,24,0,+0.000,+0.0000,-0.012,*5A
$GPNVS,26,2.81e-12,8.85e-12,4.53e-11,3.31e-11,0.00e+00,0.00e+00,*55
$GPNVS,27,1,0,5808,55653,129601,1,0,,,,,,,,,,,*4D
$GPNVS,28,4.13e-12,1.47e-11,7.37e-11,1.10e-11,0.00e+00,*2E
$GPNVS,29,5.90e-12,3.21e-11,7.44e-11,0.00e+00,0.00e+00,*25
$GPNVS,30,10000000.000413,6.889e-11,3.395e-03,-3.220e-03,*3D
$GPNVS,32,35,2000000001,20000000001,199999999999,*63
$GPNVS,33,35,+0.00,+0.000,-0.0000,*59
$GPNVS,70,0,NA,0,0,0,0,0,,0,-1*54
$GNRMC,201813.00,A,3904.86798,N,09419.66999,W,0.000,,091026,,,A,V*09
$GNVTG,,T,,M,0.000,N,0.000,K,A*3D
$GNGGA,201813.00,3904.86798,N,09419.66999,W,1,12,99.99,227.6,M,-29.1,M,,*46
$GNGSA,A,3,27,31,03,08,07,26,09,16,04,,,,99.99,99.99,99.99,1*34
$GNGSA,A,3,72,70,71,80,73,69,74,,,,,,99.99,99.99,99.99,2*36
$GNGSA,A,3,08,02,07,25,03,30,32,,,,,,99.99,99.99,99.99,3*38
$GNGSA,A,3,36,21,42,14,39,26,22,,,,,,99.99,99.99,99.99,4*3F
$GNGSA,A,3,,,,,,,,,,,,,99.99,99.99,99.99,5*35
$GPGSV,3,1,10,03,36,214,45,04,70,321,44,07,15,272,36,08,05,173,41,1*68
$GPGSV,3,2,10,09,34,313,44,16,76,102,42,26,44,051,43,27,23,141,42,1*69
$GPGSV,3,3,10,28,03,080,37,31,27,070,44,1*60
$GPGSV,2,1,06,03,36,214,40,04,70,321,40,26,44,051,37,27,23,141,18,6*69
$GPGSV,2,2,06,28,03,080,33,31,27,070,37,6*60
$GPGSV,1,1,01,29,00,027,,0*5A
$GLGSV,3,1,09,69,12,148,45,70,62,150,49,71,50,327,46,72,10,328,35,1*75
$GLGSV,3,2,09,73,61,254,46,74,14,231,39,79,02,042,35,80,52,026,45,1*78
$GLGSV,3,3,09,81,01,050,35,1*4A
$GLGSV,2,1,06,69,12,148,34,70,62,150,43,71,50,327,41,73,61,254,45,3*78
$GLGSV,2,2,06,79,02,042,33,80,52,026,42,3*7B
$GAGSV,2,1,08,02,68,087,47,03,30,116,49,07,38,311,42,08,79,056,44,2*7A
$GAGSV,2,2,08,25,20,043,43,26,05,285,31,30,43,194,44,32,57,107,47,2*79
$GAGSV,2,1,08,02,68,087,42,03,30,116,45,07,38,311,38,08,79,056,41,7*7E
$GAGSV,2,2,08,25,20,043,41,26,05,285,31,30,43,194,44,32,57,107,46,7*7F
$GAGSV,1,1,02,13,00,239,,33,00,331,,0*7D
$GBGSV,2,1,08,14,54,300,45,21,73,251,42,22,36,162,44,26,37,247,41,1*78
$GBGSV,2,2,08,30,04,067,38,36,28,053,45,39,78,014,40,42,31,315,41,1*79
$GBGSV,1,1,03,14,54,300,15,36,28,053,09,39,78,014,08,B*3D
$GBGSV,1,1,02,11,03,092,,29,03,113,,0*76
$GQGSV,1,1,00,0*64
$GNZDA,201813.00,09,10,2026,00,00*7F
$GPNVS,2,201813,100926,0.00,0.00,0.00,0.00,0.00,0.00,0.00,0.00,*6B
$GPNVS,3,201813,100926,0.00,0.00,0.00,0.00,,0.00,0,0,1,+38.70,*4C
$GPNVS,4,201813,100926,0.00,0.00,,,,,,,*6D
$GPNVS,5,201813,100926,5C9,0,0,+38.70,00000,00000,*2A
$GPNVS,6,0,A,1,0x00000,0x03,,0x00,00,,0x00000,,*05
$GPNVS,7,201813,100926,A,68,0x00,3,-2,0,555803,+4.28,-4.11*77
$GPNVS,9,+10000000.000,+2.65027,+9999999.949,15,+0.020,+0.39,,+38.70,50.0,50.0,*6D
$GPNVS,10,1,0,0,-10,-10,2,100,0.5,1,3,30,1,+0,1.0,20,+2,1,2,8000,,,,*50
$GPNVS,17,0,+0.00,0,+0.00,+0.00,+0.00,+0.00,+0.00,+0.00,+0.000,+0.00,,0*6F
$GPNVS,22,A,0,-2.3570,-1.019,-0.884,-0.088,555803.0729,-3.418,0x0000,*56
$GPNVS,23,0,-0.004,+0.0000,-0.071,*5A
$GPNVS,24,0,+0.000,+0.0000,-0.012,*5A
$GPNVS,26,3.27e-12,8.85e-12,4.53e-11,3.31e-11,0.00e+00,0.00e+00,*58
$GPNVS,27,1,0,5808,55653,129601,1,0,,,,,,,,,,,*4D
$GPNVS,28,6.41e-12,1.47e-11,7.37e-11,1.10e-11,0.00e+00,*2B
$GPNVS,29,5.90e-12,3.21e-11,7.44e-11,0.00e+00,0.00e+00,*25
$GPNVS,30,10000000.000430,6.889e-11,3.395e-03,-3.220e-03,*3C
$GPNVS,32,35,2000000001,20000000001,199999999999,*63
$GPNVS,33,35,+0.00,+0.000,-0.0000,*59
$GPNVS,70,0,NA,0,0,0,0,0,,0,-1*54
$GNRMC,201814.00,A,3904.86798,N,09419.66999,W,0.000,,091026,,,A,V*0E
$GNVTG,,T,,M,0.000,N,0.000,K,A*3D
$GNGGA,201814.00,3904.86798,N,09419.66999,W,1,12,99.99,227.6,M,-29.1,M,,*41
$GNGSA,A,3,27,31,03,08,07,26,09,16,04,,,,99.99,99.99,99.99,1*34
$GNGSA,A,3,72,70,71,80,73,69,74,,,,,,99.99,99.99,99.99,2*36
$GNGSA,A,3,08,02,07,25,03,30,32,,,,,,99.99,99.99,99.99,3*38
$GNGSA,A,3,36,21,42,14,39,26,22,,,,,,99.99,99.99,99.99,4*3F
$GNGSA,A,3,,,,,,,,,,,,,99.99,99.99,99.99,5*35
$GPGSV,3,1,10,03,36,214,45,04,70,321,44,07,15,272,35,08,05,173,41,1*6B
$GPGSV,3,2,10,09,34,313,44,16,76,102,42,26,44,051,43,27,23,141,42,1*69
$GPGSV,3,3,10,28,03,080,37,31,27,070,44,1*60
$GPGSV,2,1,06,03,36,214,40,04,70,321,39,26,44,051,37,27,23,141,18,6*67
$GPGSV,2,2,06,28,03,080,34,31,27,070,38,6*68
$GPGSV,1,1,01,29,00,027,,0*5A
$GLGSV,3,1,09,69,12,148,46,70,62,150,48,71,50,327,46,72,10,328,35,1*77
$GLGSV,3,2,09,73,61,254,46,74,14,231,39,79,02,042,36,80,52,026,45,1*7B
$GLGSV,3,3,09,81,01,050,36,1*49
$GLGSV,2,1,06,69,12,148,33,70,62,150,43,71,50,327,41,73,61,254,45,3*7F
$GLGSV,2,2,06,79,02,042,33,80,52,026,42,3*7B
$GAGSV,2,1,08,02,68,087,47,03,30,116,48,07,38,311,43,08,79,056,45,2*7B
$GAGSV,2,2,08,25,20,043,43,26,05,285,31,30,43,194,44,32,57,107,47,2*79
$GAGSV,2,1,08,02,68,087,42,03,30,116,45,07,38,311,38,08,79,056,42,7*7D
$GAGSV,2,2,08,25,20,043,41,26,05,285,31,30,43,194,44,32,57,107,46,7*7F
$GAGSV,1,1,02,13,00,239,,33,00,331,,0*7D
$GBGSV,2,1,08,14,54,300,45,21,73,251,42,22,36,162,44,26,37,247,41,1*78
$GBGSV,2,2,08,30,04,067,38,36,28,053,44,39,78,014,40,42,31,315,40,1*79
$GBGSV,1,1,03,14,54,300,12,36,28,053,08,39,78,014,08,B*3B
$GBGSV,1,1,02,11,03,092,,29,03,113,,0*76
$GQGSV,1,1,00,0*64
$GNZDA,201814.00,09,10,2026,00,00*78
$GPNVS,2,201814,100926,0.00,0.00,0.00,0.00,0.00,0.00,0.00,0.00,*6C
$GPNVS,3,201814,100926,0.00,0.00,0.00,0.00,,0.00,0,0,1,+38.70,*4B
$GPNVS,4,201814,100926,0.00,0.00,,,,,,,*6A
$GPNVS,5,201814,100926,5C9,0,0,+38.70,00000,00000,*2D
$GPNVS,6,0,A,1,0x00000,0x03,,0x00,00,,0x00000,,*05
$GPNVS,7,201814,100926,A,68,0x00,3,-3,-1,555802,+4.28,-4.11*5C
$GPNVS,9,+10000000.001,+2.65027,+10000000.05,15,+0.020,+0.39,,+38.70,50.0,50.3,*66
$GPNVS,10,1,0,0,-15,-10,2,100,0.5,1,3,30,1,+0,1.0,20,+2,1,2,8000,,,,*55
$GPNVS,17,0,+0.00,0,+0.00,+0.00,+0.00,+0.00,+0.00,+0.00,+0.000,+0.00,,0*6F
$GPNVS,22,A,0,-2.3809,-1.082,-0.927,-0.093,555802.9791,+0.561,0x0000,*54
$GPNVS,23,0,-0.004,+0.0000,-0.076,*5D
$GPNVS,24,0,+0.000,+0.0000,-0.012,*5A
$GPNVS,26,3.54e-12,8.85e-12,4.53e-11,3.31e-11,0.00e+00,0.00e+00,*5C
$GPNVS,27,1,0,5808,55653,129601,1,0,,,,,,,,,,,*4D
$GPNVS,28,6.41e-12,1.47e-11,7.37e-11,1.10e-11,0.00e+00,*2B
$GPNVS,29,5.90e-12,3.21e-11,7.44e-11,0.00e+00,0.00e+00,*25
$GPNVS,30,10000000.000481,6.889e-11,3.395e-03,-3.220e-03,*36
$GPNVS,32,35,2000000001,20000000001,199999999999,*63
$GPNVS,33,35,+0.00,+0.000,-0.0000,*59
$GPNVS,70,0,NA,0,0,0,0,0,,0,-1*54
$GNRMC,201815.00,A,3904.86798,N,09419.66999,W,0.000,,091026,,,A,V*0F
$GNVTG,,T,,M,0.000,N,0.000,K,A*3D
$GNGGA,201815.00,3904.86798,N,09419.66999,W,1,12,99.99,227.6,M,-29.1,M,,*40
$GNGSA,A,3,27,31,03,08,07,26,09,16,04,,,,99.99,99.99,99.99,1*34
$GNGSA,A,3,72,70,71,80,73,69,74,,,,,,99.99,99.99,99.99,2*36
$GNGSA,A,3,08,02,07,25,03,30,32,,,,,,99.99,99.99,99.99,3*38
$GNGSA,A,3,36,21,42,14,39,26,22,,,,,,99.99,99.99,99.99,4*3F
$GNGSA,A,3,,,,,,,,,,,,,99.99,99.99,99.99,5*35
$GPGSV,3,1,10,03,36,214,44,04,70,321,44,07,15,272,35,08,05,173,41,1*6A
$GPGSV,3,2,10,09,34,313,44,16,76,102,42,26,44,051,43,27,23,141,42,1*69
$GPGSV,3,3,10,28,03,080,37,31,27,070,44,1*60
$GPGSV,2,1,06,03,36,214,40,04,70,321,39,26,44,051,37,27,23,141,20,6*6C
$GPGSV,2,2,06,28,03,080,34,31,27,070,37,6*67
$GPGSV,1,1,01,29,00,027,,0*5A
$GLGSV,3,1,09,69,12,148,46,70,62,150,48,71,50,327,46,72,10,328,35,1*77
$GLGSV,3,2,09,73,61,254,46,74,14,231,39,79,02,042,36,80,52,026,45,1*7B
$GLGSV,3,3,09,81,01,050,37,1*48
$GLGSV,2,1,06,69,12,148,33,70,62,150,43,71,50,327,41,73,61,254,44,3*7E
$GLGSV,2,2,06,79,02,042,33,80,52,026,42,3*7B
$GAGSV,2,1,08,02,68,087,47,03,30,116,48,07,38,311,43,08,79,056,45,2*7B
$GAGSV,2,2,08,25,20,043,44,26,05,285,31,30,43,194,44,32,57,107,47,2*7E
$GAGSV,2,1,08,02,68,087,42,03,30,116,45,07,38,311,38,08,79,056,41,7*7E
$GAGSV,2,2,08,25,20,043,41,26,05,285,31,30,43,194,44,32,57,107,46,7*7F
$GAGSV,1,1,02,13,00,239,,33,00,331,,0*7D
$GBGSV,2,1,08,14,54,300,45,21,73,251,42,22,36,162,44,26,37,247,41,1*78
$GBGSV,2,2,08,30,04,067,37,36,28,053,45,39,78,014,40,42,32,315,40,1*74
$GBGSV,1,1,03,14,54,300,10,36,28,053,08,39,78,014,07,B*36
$GBGSV,1,1,02,11,03,092,,29,03,113,,0*76
$GQGSV,1,1,00,0*64
$GNZDA,201815.00,09,10,2026,00,00*79
$GPNVS,2,201815,100926,0.00,0.00,0.00,0.00,0.00,0.00,0.00,0.00,*6D
$GPNVS,3,201815,100926,0.00,0.00,0.00,0.00,,0.00,0,0,1,+38.70,*4A
$GPNVS,4,201815,100926,0.00,0.00,,,,,,,*6B
$GPNVS,5,201815,100926,5C9,0,0,+38.70,00000,00000,*2C
$GPNVS,6,0,A,1,0x00000,0x03,,0x00,00,,0x00000,,*05
$GPNVS,7,201815,100926,A,68,0x00,3,-2,0,555802,+4.28,-4.11*70
$GPNVS,9,+10000000.001,+2.65027,+9999999.949,15,+0.020,+0.39,,+38.70,50.0,48.7,*62
$GPNVS,10,1,0,0,-10,-10,2,100,0.5,1,3,30,1,+0,1.0,20,+2,1,2,8000,,,,*50
$GPNVS,17,0,+0.00,0,+0.00,+0.00,+0.00,+0.00,+0.00,+0.00,+0.000,+0.00,,0*6F
$GPNVS,22,A,0,-2.4309,-1.127,-0.975,-0.097,555802.8812,-3.694,0x0000,*5C
$GPNVS,23,0,-0.004,+0.0000,-0.080,*54
$GPNVS,24,0,+0.000,+0.0000,-0.013,*5B
$GPNVS,26,3.80e-12,8.85e-12,4.53e-11,3.31e-11,0.00e+00,0.00e+00,*55
$GPNVS,27,1,0,5808,55653,129601,1,0,,,,,,,,,,,*4D
$GPNVS,28,6.41e-12,1.47e-11,7.37e-11,1.10e-11,0.00e+00,*2B
$GPNVS,29,5.90e-12,3.21e-11,7.44e-11,0.00e+00,0.00e+00,*25
$GPNVS,30,10000000.000495,6.889e-11,3.395e-03,-3.220e-03,*33
$GPNVS,32,35,2000000001,20000000001,199999999999,*63
$GPNVS,33,35,+0.00,+0.000,-0.0000,*59
$GPNVS,70,0,NA,0,0,0,0,0,,0,-1*54
