$GNGSA,A,3,08,02,07,25,03,26,30,32,,,,,99.99,99.99,99.99,3*3C
$GNGSA,A,3,36,21,42,14,39,26,22,,,,,,99.99,99.99,99.99,4*3F
$GNGSA,A,3,36,21,42,14,39,26,22,,,,,,99.99,99.99,99.99,4*3F
$GNGSA,A,3,36,21,42,14,39,26,22,,,,,,99.99,99.99,99.99,4*3F
$GNGSA,A,3,36,21,42,14,39,26,22,,,,,,99.99,99.99,99.99,4*3F
$GNGSA,A,3,36,21,42,14,39,26,22,,,,,,99.99,99.99,99.99,4*3F
$GNGSA,A,3,36,21,42,14,39,26,22,,,,,,99.99,99.99,99.99,4*3F
$GNGSA,A,3,36,21,42,14,39,26,22,,,,,,99.99,99.99,99.99,4*3F
$GNGSA,A,3,36,21,42,14,39,26,22,,,,,,99.99,99.99,99.99,4*3F
$GNGSA,A,3,36,21,42,14,39,26,22,,,,,,99.99,99.99,99.99,4*3F
$GNGSA,A,3,36,21,42,14,39,26,22,,,,,,99.99,99.99,99.99,4*3F
$GNGSA,A,3,36,21,42,14,39,26,22,,,,,,99.99,99.99,99.99,4*3F
$GNGSA,A,3,36,21,42,14,39,26,22,,,,,,99.99,99.99,99.99,4*3F
$GNGSA,A,3,36,21,42,14,39,26,22,,,,,,99.99,99.99,99.99,4*3F
$GNGSA,A,3,36,21,42,14,39,26,22,,,,,,99.99,99.99,99.99,4*3F
$GNGSA,A,3,36,21,42,14,39,26,22,,,,,,99.99,99.99,99.99,4*3F
$GNGSA,A,3,36,21,42,14,39,26,22,,,,,,99.99,99.99,99.99,4*3F
$GNGSA,A,3,36,21,42,14,39,26,22,,,,,,99.99,99.99,99.99,4*3F
$GNGSA,A,3,36,21,42,14,39,26,22,,,,,,99.99,99.99,99.99,4*3F
$GNGSA,A,3,,,,,,,,,,,,,99.99,99.99,99.99,5*35
$GPGSV,3,1,11,0$GNGSA,A,3,,,,,,,,,,,,,99.99,99.99,99.99,5*35
$GPGSV,3,1,11,0$GNGSA,A,3,,,,,,,,,,,,,99.99,99.99,99.99,5*35
$GPGSV,3,1,11,0$GNGSA,A,3,,,,,,,,,,,,,99.99,99.99,99.99,5*35
$GPGSV,3,1,11,0$GNGSA,A,3,,,,,,,,,,,,,99.99,99.99,99.99,5*35
$GPGSV,3,1,11,0$GNGSA,A,3,,,,,,,,,,,,,99.99,99.99,99.99,5*35
$GPGSV,3,1,11,0$GNGSA,A,3,,,,,,,,,,,,,99.99,99.99,99.99,5*35
$GPGSV,3,1,11,0$GNGSA,A,3,,,,,,,,,,,,,99.99,99.99,99.99,5*35
$GPGSV,3,1,11,0$GNGSA,A,3,,,,,,,,,,,,,99.99,99.99,99.99,5*35
$GPGSV,3,1,11,0$GNGSA,A,3,,,,,,,,,,,,,99.99,99.99,99.99,5*35
$GPGSV,3,1,11,0$GNGSA,A,3,,,,,,,,,,,,,99.99,99.99,99.99,5*35
$GPGSV,3,1,11,0$GNGSA,A,3,,,,,,,,,,,,,99.99,99.99,99.99,5*35
$GPGSV,3,1,11,0$GNGSA,A,3,,,,,,,,,,,,,99.99,99.99,99.99,5*35
$GPGSV,3,1,11,0$GNGSA,A,3,,,,,,,,,,,,,99.99,99.99,99.99,5*35
$GPGSV,3,1,11,0$GNGSA,A,3,,,,,,,,,,,,,99.99,99.99,99.99,5*35
$GPGSV,3,1,11,0$GNGSA,A,3,,,,,,,,,,,,,99.99,99.99,99.99,5*35
$GPGSV,3,1,11,0$GNGSA,A,3,,,,,,,,,,,,,99.99,99.99,99.99,5*35
$GPGSV,3,1,11,0$GNGSA,A,3,,,,,,,,,,,,,99.99,99.99,99.99,5*35
$GPGSV,3,1,11,0$GNGSA,A,3,,,,,,,,,,,,,99.99,99.99,99.99,5*35
$GPGSV,3,1,11,0$GNGSA,A,3,,,,,,,,,,,,,99.99,99.99,99.99,5*35
$GPGSV,3,1,11,0$GNGSA,A,3,,,,,,,,,,,,,99.99,99.99,99.99,5*35
$GPGSV,3,1,11,0$GNGSA,A,3,,,,,,,,,,,,,99.99,99.99,99.99,5*35
$GPGSV,3,1,11,0$GNGSA,A,3,,,,,,,,,,,,,99.99,99.99,99.99,5*35
$GPGSV,3,1,11,0$GNGSA,A,3,,,,,,,,,,,,,99.99,99.99,99.99,5*35
$GPGSV,3,1,11,0$GNGSA,A,3,,,,,,,,,,,,,99.99,99.99,99.99,5*35
$GPGSV,3,1,11,0$GNGSA,A,3,,,,,,,,,,,,,99.99,99.99,99.99,5*35
$GPGSV,3,1,11,0$GNGSA,A,3,,,,,,,,,,,,,99.99,99.99,99.99,5*35
$GPGSV,3,1,11,0$GNGSA,A,3,,,,,,,,,,,,,99.99,99.99,99.99,5*35
$GPGSV,3,1,11,0$GNGSA,A,3,,,,,,,,,,,,,99.99,99.99,99.99,5*35
$GPGSV,3,1,11,0$GNGSA,A,3,,,,,,,,,,,,,99.99,99.99,99.99,5*35
$GPGSV,3,1,11,0$GNGSA,A,3,,,,,,,,,,,,,99.99,99.99,99.99,5*35
$GPGSV,3,1,11,0$GNGSA,A,3,,,,,,,,,,,,,99.99,99.99,99.99,5*35
$GPGSV,3,1,11,0$GNGSA,A,3,,,,,,,,,,,,,99.99,99.99,99.99,5*35
$GPGSV,3,1,11,0$GNGSA,A,3,,,,,,,,,,,,,99.99,99.99,99.99,5*35
$GPGSV,3,1,11,0$GNGSA,A,3,,,,,,,,,,,,,99.99,99.99,99.99,5*35
$GPGSV,3,1,11,0$GNGSA,A,3,,,,,,,,,,,,,99.99,99.99,99.99,5*35
$GPGSV,3,1,11,0$GNGSA,A,3,,,,,,,,,,,,,99.99,99.99,99.99,5*35
$GPGSV,3,1,11,0$GNGSA,A,3,,,,,,,,,,,,,99.99,99.99,99.99,5*35
$GPGSV,3,1,11,0$GNGSA,A,3,,,,,,,,,,,,,99.99,99.99,99.99,5*35
$GPGSV,3,1,11,0$GNGSA,A,3,,,,,,,,,,,,,99.99,99.99,99.99,5*35
$GPGSV,3,1,11,0$GNGSA,A,3,,,,,,,,,,,,,99.99,99.99,99.99,5*35
$GPGSV,3,1,11,0$GNGSA,A,3,,,,,,,,,,,,,99.99,99.99,99.99,5*35
$GPGSV,3,1,11,0$GNGSA,A,3,,,,,,,,,,,,,99.99,99.99,99.99,5*35
$GPGSV,3,1,11,0$GNGSA,A,3,,,,,,,,,,,,,99.99,99.99,99.99,5*35
$GPGSV,3,1,11,0$GNGSA,A,3,,,,,,,,,,,,,99.99,99.99,99.99,5*35
$GPGSV,3,1,11,0$GNGSA,A,3,,,,,,,,,,,,,99.99,99.99,99.99,5*35
$GPGSV,3,1,11,0$GNGSA,A,3,,,,,,,,,,,,,99.99,99.99,99.99,5*35
$GPGSV,3,1,11,0$GNGSA,A,3,,,,,,,,,,,,,99.99,99.99,99.99,5*35
$GPGSV,3,1,11,0$GNGSA,A,3,,,,,,,,,,,,,99.99,99.99,99.99,5*35
$GPGSV,3,1,11,0$GNGSA,A,3,,,,,,,,,,,,,99.99,99.99,99.99,5*35
$GPGSV,3,1,11,0$GNGSA,A,3,,,,,,,,,,,,,99.99,99.99,99.99,5*35
$GPGSV,3,1,11,0$GNGSA,A,3,,,,,,,,,,,,,99.99,99.99,99.99,5*35
$GPGSV,3,1,11,0$GNGSA,A,3,,,,,,,,,,,,,99.99,99.99,99.99,5*35
$GPGSV,3,1,11,0$GNGSA,A,3,,,,,,,,,,,,,99.99,99.99,99.99,5*35
$GPGSV,3,1,11,0$GNGSA,A,3,,,,,,,,,,,,,99.99,99.99,99.99,5*35
$GPGSV,3,1,11,0$GNGSA,A,3,,,,,,,,,,,,,99.99,99.99,99.99,5*35
$GPGSV,3,1,11,0$GNGSA,A,3,,,,,,,,,,,,,99.99,99.99,99.99,5*35
$GPGSV,3,1,11,0$GNGSA,A,3,,,,,,,,,,,,,99.99,99.99,99.99,5*35
$GPGSV,3,1,11,0$GNGSA,A,3,,,,,,,,,,,,,99.99,99.99,99.99,5*35
$GPGSV,3,1,11,0$GNGSA,A,3,,,,,,,,,,,,,99.99,99.99,99.99,5*35
$GPGSV,3,1,11,0$GNGSA,A,3,,,,,,,,,,,,,99.99,99.99,99.99,5*35
$GPGSV,3,1,11,0$GNGSA,A,3,,,,,,,,,,,,,99.99,99.99,99.99,5*35
$GPGSV,3,1,11,0$GNGSA,A,3,,,,,,,,,,,,,99.99,99.99,99.99,5*35
$GPGSV,3,1,11,0$GNGSA,A,3,,,,,,,,,,,,,99.99,99.99,99.99,5*35
$GPGSV,3,1,11,0$GNGSA,A,3,,,,,,,,,,,,,99.99,99.99,99.99,5*35
$GPGSV,3,1,11,0$GNGSA,A,3,,,,,,,,,,,,,99.99,99.99,99.99,5*35
$GPGSV,3,1,11,0$GNGSA,A,3,,,,,,,,,,,,,99.99,99.99,99.99,5*35
$GPGSV,3,1,11,0$GNGSA,A,3,,,,,,,,,,,,,99.99,99.99,99.99,5*35
$GPGSV,3,1,11,0$GNGSA,A,3,,,,,,,,,,,,,99.99,99.99,99.99,5*35
$GPGSV,3,1,11,03,37,215,44,04,69,321,44,07,14,272,37,08,05,173,41,1*60
$GPGSV,3,2,11,09,33,313,43,16,76,106,44,26,45,052,45,27,22,141,40,1*6D
$GPGSV,3,3,11,28,04,079,35,29,00,028,38,31,28,069,45,1*5E
$GPGSV,2,1,06,03,37,215,41,04,69,321,40,26,45,052,37,27,22,141,28,6*60
$GPGSV,2,2,06,28,04,079,34,31,28,069,37,6*61
$GLGSV,3,1,09,69,13,147,48,70,63,149,48,71,49,327,48,72,09,328,37,1*72
$GLGSV,3,2,09,73,60,252,46,74,13,230,39,79,03,042,41,80,53,025,45,1*79
$GLGSV,3,3,09,81,00,050,27,1*48
$GLGSV,2,1,06,69,13,147,31,70,63,149,43,71,49,327,42,73,60,252,45,3*76
$GLGSV,2,2,06,79,03,042,36,80,53,025,40,3*7F
$GAGSV,2,1,08,02,68,090,47,03,31,115,48,07,38,311,45,08,79,052,45,2*7D
$GAGSV,2,2,08,25,20,043,43,26,05,286,33,30,42,194,43,32,58,105,47,2*73
$GAGSV,2,1,08,02,68,090,41,03,31,115,44,07,38,311,38,08,79,052,41,7*7C
$GAGSV,2,2,08,25,20,043,41,26,05,286,31,30,42,194,44,32,58,105,47,7*71
$GAGSV,1,1,02,13,01,240,,33,00,332,,0*71
$GBGSV,2,1,08,14,52,302,45,21,73,258,46,22,38,161,43,26,35,246,43,1*7A
$GBGSV,2,2,08,30,04,068,38,36,30,052,44,39,79,009,41,42,30,316,37,1*70
$GBGSV,1,1,02,11,02,094,,29,02,114,,0*77
$GQGSV,1,1,00,0*64
$GNZDA,201523.00,09,10,2026,00,00*71
$GPNVS,2,201523,100926,0.00,0.00,0.00,0.00,0.00,0.00,0.00,0.00,*65
$GPNVS,3,201523,100926,0.00,0.00,0.00,0.00,,0.00,0,0,1,+38.70,*42
$GPNVS,4,201523,100926,0.00,0.00,,,,,,,*63
$GPNVS,5,201523,100926,5C9,0,0,+38.70,00000,00000,*24
$GPNVS,6,0,A,1,0x00000,0x03,,0x00,00,,0x00000,,*05
$GPNVS,7,201523,100926,A,69,0x00,0,-2,0,555802,+4.28,-4.11*7A
$GPNVS,9,+10000000.000,+2.65027,+10000000.05,15,+0.020,+0.39,,+38.70,50.0,50.6,*62
$GPNVS,10,1,0,0,-10,-5,2,100,0.5,1,2,30,1,+0,1.0,20,+14,1,2,8000,,,,*52
$GPNVS,17,0,+0.00,0,+0.00,+0.00,+0.00,+0.00,+0.00,+0.00,+0.000,+0.00,,0*6F
$GPNVS,22,A,0,-0.7739,-0.999,-1.051,+0.006,555802.5007,+3.171,0x0000,*5D
$GPNVS,23,0,-0.005,+0.0000,+0.006,*5D
$GPNVS,24,0,+0.000,+0.0000,+0.005,*5A
$GPNVS,26,3.12e-12,7.82e-12,4.54e-11,3.07e-11,0.00e+00,0.00e+00,*54
$GPNVS,27,1,0,5808,55653,129601,1,0,,,,,,,,,,,*4D
$GPNVS,28,4.91e-12,1.79e-11,7.37e-11,1.10e-11,0.00e+00,*29
$GPNVS,29,6.44e-12,3.25e-11,7.44e-11,0.00e+00,0.00e+00,*2B
$GPNVS,30,9999999.9998700,6.942e-11,3.395e-03,-3.220e-03,*33
$GPNVS,32,18,2000000001,20000000000,200000000000,*67
$GPNVS,33,18,+0.00,+0.000,+0.0000,*50
$GPNVS,70,0,NA,0,0,0,0,0,,0,-1*54
$GNRMC,201524.00,A,3904.86798,N,09419.66999,W,0.000,,091026,,,A,V*00
$GNVTG,,T,,M,0.000,N,0.000,K,A*3D
$GNGGA,201524.00,3904.86798,N,09419.66999,W,1,12,99.99,227.6,M,-29.1,M,,*4F
$GNGSA,A,3,27,31,03,07,26,09,16,04,,,,,99.99,99.99,99.99,1*3C
$GNGSA,A,3,72,70,71,80,73,69,74,,,,,,99.99,99.99,99.99,2*36
$GNGSA,A,3,08,02,07,25,03,26,30,32,,,,,99.99,99.99,99.99,3*3C
$GNGSA,A,3,36,21,42,14,39,26,22,,,,,,99.99,99.99,99.99,4*3F
$GNGSA,A,3,,,,,,,,,,,,,99.99,99.99,99.99,5*35
$GPGSV,3,1,11,03,37,215,44,04,69,321,44,07,14,272,37,08,05,173,41,1*60
$GPGSV,3,2,11,09,33,313,43,16,76,106,44,26,45,052,45,27,22,141,40,1*6D
$GPGSV,3,3,11,28,04,079,35,29,00,028,37,31,28,069,45,1*51
$GPGSV,2,1,06,03,37,215,41,04,69,321,39,26,45,052,37,27,22,141,28,6*6E
$GPGSV,2,2,06,28,04,079,34,31,28,069,37,6*61
$GLGSV,3,1,09,69,13,147,48,70,63,149,48,71,49,327,47,72,09,328,37,1*7D
$GLGSV,3,2,09,73,60,252,46,74,13,230,39,79,03,042,41,80,53,025,44,1*78
$GLGSV,3,3,09,81,00,050,27,1*48
$GLGSV,2,1,06,69,13,147,31,70,63,149,43,71,49,327,42,73,60,252,45,3*76
$GLGSV,2,2,06,79,03,042,36,80,53,025,40,3*7F
$GAGSV,2,1,08,02,68,090,47,03,31,115,48,07,38,311,44,08,79,052,44,2*7D
$GAGSV,2,2,08,25,20,043,43,26,05,286,33,30,42,194,44,32,58,105,47,2*74
$GAGSV,2,1,08,02,68,090,41,03,31,115,45,07,38,311,38,08,79,052,42,7*7E
$GAGSV,2,2,08,25,20,043,41,26,05,286,31,30,42,194,44,32,58,105,47,7*71
$GAGSV,1,1,02,13,01,240,,33,00,332,,0*71
$GBGSV,2,1,08,14,52,302,45,21,73,258,46,22,38,161,43,26,35,246,43,1*7A
$GBGSV,2,2,08,30,04,068,38,36,30,052,44,39,79,009,41,42,30,316,36,1*71
$GBGSV,1,1,02,11,02,094,,29,02,114,,0*77
$GQGSV,1,1,00,0*64
$GNZDA,201524.00,09,10,2026,00,00*76
$GPNVS,2,201524,100926,0.00,0.00,0.00,0.00,0.00,0.00,0.00,0.00,*62
$GPNVS,3,201524,100926,0.00,0.00,0.00,0.00,,0.00,0,0,1,+38.70,*45
$GPNVS,4,201524,100926,0.00,0.00,,,,,,,*64
$GPNVS,5,201524,100926,5C9,0,0,+38.70,00000,00000,*23
$GPNVS,6,0,A,1,0x00000,0x03,,0x00,00,,0x00000,,*05
$GPNVS,7,201524,100926,A,69,0x00,0,-1,0,555802,+4.28,-4.11*7E
$GPNVS,9,+10000000.000,+2.65027,+9999999.949,15,+0.020,+0.39,,+38.70,50.0,50.6,*6B
$GPNVS,10,1,0,0,-5,-5,2,100,0.5,1,2,30,1,+0,1.0,20,+14,1,2,8000,,,,*66
$GPNVS,17,0,+0.00,0,+0.00,+0.00,+0.00,+0.00,+0.00,+0.00,+0.000,+0.00,,0*6F
$GPNVS,22,A,0,-0.3620,-1.008,-1.038,+0.013,555802.5145,-0.207,0x0000,*5B
$GPNVS,23,0,-0.005,+0.0000,+0.014,*5E
$GPNVS,24,0,+0.000,+0.0000,+0.004,*5B
$GPNVS,26,3.06e-12,7.82e-12,4.54e-11,3.07e-11,0.00e+00,0.00e+00,*51
$GPNVS,27,1,0,5808,55653,129601,1,0,,,,,,,,,,,*4D
$GPNVS,28,4.91e-12,1.79e-11,7.37e-11,1.10e-11,0.00e+00,*29
$GPNVS,29,6.44e-12,3.25e-11,7.44e-11,0.00e+00,0.00e+00,*2B
$GPNVS,30,9999999.9998467,6.942e-11,3.395e-03,-3.220e-03,*31
$GPNVS,32,18,2000000001,20000000000,200000000000,*67
$GPNVS,33,18,+0.00,+0.000,+0.0000,*50
$GPNVS,70,0,NA,0,0,0,0,0,,0,-1*54
$GNRMC,201525.00,A,3904.86798,N,09419.66999,W,0.000,,091026,,,A,V*01
$GNVTG,,T,,M,0.000,N,0.000,K,A*3D
$GNGGA,201525.00,3904.86798,N,09419.66999,W,1,12,99.99,227.6,M,-29.1,M,,*4E
$GNGSA,A,3,27,31,03,07,26,09,16,04,,,,,99.99,99.99,99.99,1*3C
$GNGSA,A,3,72,70,71,80,73,69,74,,,,,,99.99,99.99,99.99,2*36
$GNGSA,A,3,08,02,07,25,03,26,30,32,,,,,99.99,99.99,99.99,3*3C
$GNGSA,A,3,36,21,42,14,39,26,22,,,,,,99.99,99.99,99.99,4*3F
$GNGSA,A,3,,,,,,,,,,,,,99.99,99.99,99.99,5*35
$GPGSV,3,1,11,03,37,215,44,04,69,321,44,07,14,272,37,08,05,173,41,1*60
$GPGSV,3,2,11,09,33,313,43,16,76,106,44,26,45,052,45,27,22,141,41,1*6C
$GPGSV,3,3,11,28,04,079,35,29,00,028,36,31,28,069,45,1*50
$GPGSV,2,1,06,03,37,215,41,04,69,321,39,26,45,052,37,27,22,141,29,6*6F
$GPGSV,2,2,06,28,04,079,34,31,28,069,37,6*61
$GLGSV,3,1,09,69,13,147,48,70,63,149,48,71,49,327,47,72,09,328,38,1*72
$GLGSV,3,2,09,73,60,252,46,74,13,230,39,79,03,042,40,80,53,025,44,1*79
$GLGSV,3,3,09,81,00,050,28,1*47
$GLGSV,2,1,06,69,13,147,32,70,63,149,43,71,49,327,42,73,60,252,45,3*75
$GLGSV,2,2,06,79,03,042,36,80,53,025,40,3*7F
$GAGSV,2,1,08,02,68,090,46,03,31,115,48,07,38,311,43,08,79,052,44,2*7B
$GAGSV,2,2,08,25,20,043,43,26,05,286,33,30,42,194,44,32,58,105,47,2*74
$GAGSV,2,1,08,02,68,090,41,03,31,115,45,07,38,311,38,08,79,052,42,7*7E
$GAGSV,2,2,08,25,20,043,41,26,05,286,32,30,42,194,44,32,58,105,47,7*72
$GAGSV,1,1,02,13,01,240,,33,00,332,,0*71
$GBGSV,2,1,08,14,52,302,45,21,73,258,46,22,38,161,43,26,35,246,42,1*7B
$GBGSV,2,2,08,30,04,068,38,36,30,052,44,39,79,009,41,42,30,316,36,1*71
$GBGSV,1,1,02,11,02,094,,29,02,114,,0*77
$GQGSV,1,1,00,0*64
$GNZDA,201525.00,09,10,2026,00,00*77
$GPNVS,2,201525,100926,0.00,0.00,0.00,0.00,0.00,0.00,0.00,0.00,*63
$GPNVS,3,201525,100926,0.00,0.00,0.00,0.00,,0.00,0,0,1,+38.70,*44
$GPNVS,4,201525,100926,0.00,0.00,,,,,,,*65
$GPNVS,5,201525,100926,5C9,0,0,+38.70,00000,00000,*22
$GPNVS,6,0,A,1,0x00000,0x03,,0x00,00,,0x00000,,*05
$GPNVS,7,201525,100926,A,69,0x00,0,-2,0,555802,+4.28,-4.11*7C
$GPNVS,9,+10000000.000,+2.65027,+10000000.05,15,+0.020,+0.39,,+38.70,50.0,50.3,*67
$GPNVS,10,1,0,0,-10,-5,2,100,0.5,1,2,30,1,+0,1.0,20,+14,1,2,8000,,,,*52
$GPNVS,17,0,+0.00,0,+0.00,+0.00,+0.00,+0.00,+0.00,+0.00,+0.000,+0.00,,0*6F
$GPNVS,22,A,0,-0.3230,-0.954,-1.023,+0.021,555802.5362,-3.486,0x0000,*5F
$GPNVS,23,0,-0.005,+0.0000,+0.022,*5B
$GPNVS,24,0,+0.000,+0.0000,+0.004,*5B
$GPNVS,26,3.11e-12,7.82e-12,4.54e-11,3.07e-11,0.00e+00,0.00e+00,*57
$GPNVS,27,1,0,5808,55653,129601,1,0,,,,,,,,,,,*4D
$GPNVS,28,5.79e-12,1.79e-11,7.37e-11,1.10e-11,0.00e+00,*2E
$GPNVS,29,6.44e-12,3.25e-11,7.44e-11,0.00e+00,0.00e+00,*2B
$GPNVS,30,9999999.9998277,6.942e-11,3.395e-03,-3.220e-03,*36
$GPNVS,32,18,2000000001,20000000000,200000000000,*67
$GPNVS,33,18,+0.00,+0.000,+0.0000,*50
$GPNVS,70,0,NA,0,0,0,0,0,,0,-1*54
$GNRMC,201526.00,A,3904.86798,N,09419.66999,W,0.000,,091026,,,A,V*02
$GNVTG,,T,,M,0.000,N,0.000,K,A*3D
$GNGGA,201526.00,3904.86798,N,09419.66999,W,1,12,99.99,227.6,M,-29.1,M,,*4D
$GNGSA,A,3,27,31,03,07,26,09,16,04,,,,,99.99,99.99,99.99,1*3C
$GNGSA,A,3,72,70,71,80,73,69,74,,,,,,99.99,99.99,99.99,2*36
$GNGSA,A,3,08,02,07,25,03,26,30,32,,,,,99.99,99.99,99.99,3*3C
$GNGSA,A,3,36,21,42,14,39,26,22,,,,,,99.99,99.99,99.99,4*3F
$GNGSA,A,3,,,,,,,,,,,,,99.99,99.99,99.99,5*35
$GPGSV,3,1,11,03,37,215,44,04,69,321,44,07,14,272,37,08,05,173,41,1*60
$GPGSV,3,2,11,09,33,313,43,16,76,106,44,26,45,052,45,27,22,141,40,1*6D
$GPGSV,3,3,11,28,04,079,35,29,00,028,35,31,28,069,45,1*53
$GPGSV,2,1,06,03,37,215,41,04,69,321,39,26,45,052,37,27,22,141,29,6*6F
$GPGSV,2,2,06,28,04,079,34,31,28,069,37,6*61
$GLGSV,3,1,09,69,13,147,47,70,63,149,48,71,49,327,47,72,09,328,38,1*7D
$GLGSV,3,2,09,73,60,252,46,74,13,230,39,79,03,042,40,80,53,025,44,1*79
$GLGSV,3,3,09,81,00,050,29,1*46
$GLGSV,2,1,06,69,13,147,31,70,63,149,43,71,49,327,42,73,60,252,45,3*76
$GLGSV,2,2,06,79,03,042,36,80,53,025,40,3*7F
$GAGSV,2,1,08,02,68,090,47,03,31,115,48,07,38,311,44,08,79,052,45,2*7C
$GAGSV,2,2,08,25,20,043,43,26,05,286,33,30,42,194,44,32,58,105,47,2*74
$GAGSV,2,1,08,02,68,090,41,03,31,115,45,07,38,311,38,08,79,052,42,7*7E
$GAGSV,2,2,08,25,20,043,41,26,05,286,33,30,42,194,44,32,58,105,47,7*73
$GAGSV,1,1,02,13,01,240,,33,00,332,,0*71
$GBGSV,2,1,08,14,52,302,44,21,73,258,46,22,38,161,43,26,35,246,42,1*7A
$GBGSV,2,2,08,30,04,068,38,36,30,052,44,39,79,009,41,42,30,316,37,1*70
$GBGSV,1,1,02,11,02,094,,29,02,114,,0*77
$GQGSV,1,1,00,0*64
$GNZDA,201526.00,09,10,2026,00,00*74
$GPNVS,2,201526,100926,0.00,0.00,0.00,0.00,0.00,0.00,0.00,0.00,*60
$GPNVS,3,201526,100926,0.00,0.00,0.00,0.00,,0.00,0,0,1,+38.70,*47
$GPNVS,4,201526,100926,0.00,0.00,,,,,,,*66
$GPNVS,5,201526,100926,5C9,0,0,+38.70,00000,00000,*21
$GPNVS,6,0,A,1,0x00000,0x03,,0x00,00,,0x00000,,*05
$GPNVS,7,201526,100926,A,69,0x00,0,-2,0,555802,+4.28,-4.11*7F
$GPNVS,9,+10000000.001,+2.65027,+10000000.00,15,+0.020,+0.39,,+38.70,50.0,50.6,*66
$GPNVS,10,1,0,0,-10,-10,2,100,0.5,1,2,30,1,+0,1.0,20,+14,1,2,8000,,,,*66
$GPNVS,17,0,+0.00,0,+0.00,+0.00,+0.00,+0.00,+0.00,+0.00,+0.000,+0.00,,0*6F
$GPNVS,22,A,0,-0.1940,-0.935,-1.006,+0.028,555802.5644,+1.480,0x0000,*5B
$GPNVS,23,0,-0.005,+0.0000,+0.028,*51
$GPNVS,24,0,+0.000,+0.0000,+0.004,*5B
$GPNVS,26,3.08e-12,7.82e-12,4.54e-11,3.07e-11,0.00e+00,0.00e+00,*5F
$GPNVS,27,1,0,5808,55653,129601,1,0,,,,,,,,,,,*4D
$GPNVS,28,5.79e-12,1.79e-11,7.37e-11,1.10e-11,0.00e+00,*2E
$GPNVS,29,6.44e-12,3.25e-11,7.44e-11,0.00e+00,0.00e+00,*2B
$GPNVS,30,9999999.9998018,6.942e-11,3.395e-03,-3.220e-03,*3D
$GPNVS,32,18,2000000001,20000000000,200000000000,*67
$GPNVS,33,18,+0.00,+0.000,+0.0000,*50
$GPNVS,70,0,NA,0,0,0,0,0,,0,-1*54
$GNRMC,201527.00,A,3904.86798,N,09419.66999,W,0.000,,091026,,,A,V*03
$GNVTG,,T,,M,0.000,N,0.000,K,A*3D
$GNGGA,201527.00,3904.86798,N,09419.66999,W,1,12,99.99,227.6,M,-29.1,M,,*4C
$GNGSA,A,3,27,31,03,07,26,09,16,04,,,,,99.99,99.99,99.99,1*3C
$GNGSA,A,3,72,70,71,80,73,69,74,,,,,,99.99,99.99,99.99,2*36
$GNGSA,A,3,08,02,07,25,03,26,30,32,,,,,99.99,99.99,99.99,3*3C
$GNGSA,A,3,36,21,42,14,39,26,22,,,,,,99.99,99.99,99.99,4*3F
$GNGSA,A,3,,,,,,,,,,,,,99.99,99.99,99.99,5*35
$GPGSV,3,1,11,03,37,215,44,04,69,321,44,07,14,272,37,08,05,173,41,1*60
$GPGSV,3,2,11,09,33,313,43,16,76,106,44,26,45,052,45,27,22,141,40,1*6D
$GPGSV,3,3,11,28,04,079,35,29,00,028,33,31,28,069,45,1*55
$GPGSV,2,1,06,03,37,215,41,04,69,321,39,26,45,052,37,27,22,141,31,6*66
$GPGSV,2,2,06,28,04,079,34,31,28,069,38,6*6E
$GLGSV,3,1,09,69,13,147,47,70,63,149,48,71,49,327,47,72,09,328,38,1*7D
$GLGSV,3,2,09,73,60,252,46,74,13,230,39,79,03,042,39,80,53,025,44,1*77
$GLGSV,3,3,09,81,00,050,28,1*47
$GLGSV,2,1,06,69,13,147,30,70,63,149,43,71,49,327,42,73,60,252,45,3*77
$GLGSV,2,2,06,79,03,042,36,80,53,025,40,3*7F
$GAGSV,2,1,08,02,68,090,47,03,31,115,48,07,38,311,43,08,79,052,44,2*7A
$GAGSV,2,2,08,25,20,043,43,26,05,286,34,30,42,194,44,32,58,106,47,2*70
$GAGSV,2,1,08,02,68,090,41,03,31,115,45,07,38,311,38,08,79,052,42,7*7E
$GAGSV,2,2,08,25,20,043,41,26,05,286,33,30,42,194,43,32,58,106,47,7*77
$GAGSV,1,1,02,13,01,240,,33,00,332,,0*71
$GBGSV,2,1,08,14,52,302,44,21,73,258,46,22,38,161,43,26,35,246,42,1*7A
$GBGSV,2,2,08,30,04,068,38,36,30,052,44,39,79,009,41,42,30,316,37,1*70
$GBGSV,1,1,02,11,02,094,,29,02,114,,0*77
$GQGSV,1,1,00,0*64
$GNZDA,201527.00,09,10,2026,00,00*75
$GPNVS,2,201527,100926,0.00,0.00,0.00,0.00,0.00,0.00,0.00,0.00,*61
$GPNVS,3,201527,100926,0.00,0.00,0.00,0.00,,0.00,0,0,1,+38.70,*46
$GPNVS,4,201527,100926,0.00,0.00,,,,,,,*67
$GPNVS,5,201527,100926,5C9,0,0,+38.70,00000,00000,*20
$GPNVS,6,0,A,1,0x00000,0x03,,0x00,00,,0x00000,,*05
$GPNVS,7,201527,100926,A,69,0x00,0,-1,0,555802,+4.28,-4.11*7D
$GPNVS,9,+9999999.9989,+2.65027,+9999999.949,15,+0.020,+0.39,,+38.70,50.0,50.6,*62
$GPNVS,10,1,0,0,-5,-5,2,100,0.5,1,2,30,1,+0,1.0,20,-6,1,2,8000,,,,*53
$GPNVS,17,0,+0.00,0,+0.00,+0.00,+0.00,+0.00,+0.00,+0.00,+0.000,+0.00,,0*6F
$GPNVS,22,A,0,-0.4510,-0.900,-0.986,+0.033,555802.5977,-1.515,0x0000,*5F
$GPNVS,23,0,-0.005,+0.0000,+0.033,*5B
$GPNVS,24,0,+0.000,+0.0000,+0.004,*5B
$GPNVS,26,3.08e-12,7.82e-12,4.54e-11,3.07e-11,0.00e+00,0.00e+00,*5F
$GPNVS,27,1,0,5808,55653,129601,1,0,,,,,,,,,,,*4D
$GPNVS,28,5.79e-12,1.79e-11,7.37e-11,1.10e-11,0.00e+00,*2E
$GPNVS,29,6.44e-12,3.25e-11,7.44e-11,0.00e+00,0.00e+00,*2B
$GPNVS,30,9999999.9997551,6.942e-11,3.395e-03,-3.220e-03,*3A
$GPNVS,32,19,1999999999,19999999998,199999999998,*64
$GPNVS,33,19,-0.00,-0.001,-0.0001,*57
$GPNVS,70,0,NA,0,0,0,0,0,,0,-1*54
